[dermatologia.votonbr.com/index.html]
[backblue.gif]
[fade.gif]
[index.html]
[dermatologia.votonbr.com/wp-admin/admin-ajax.php]
[dermatologia.votonbr.com/wp-admin/admin-post.html]
[dermatologia.votonbr.com/wp-content/uploads/theplus-addons/theplus-post-12.min6f78.css]
[dermatologia.votonbr.com/wp-content/cache/min/1/wp-content/plugins/theplus_elementor_addon/assets/css/extra/iconsmind.min9a68.css]
[dermatologia.votonbr.com/wp-content/themes/hello-elementor/style.min653d.css]
[dermatologia.votonbr.com/feed/index.html]
[dermatologia.votonbr.com/wp-content/themes/hello-elementor/theme.min653d.css]
[dermatologia.votonbr.com/dermatologia/feed/index.html]
[dermatologia.votonbr.com/wp-content/plugins/elementor/assets/css/frontend-lite.min110d.css]
[dermatologia.votonbr.com/wp-content/uploads/elementor/css/post-9609e.css]
[dermatologia.votonbr.com/wp-content/plugins/elementor/assets/css/modules/lazyload/frontend.min110d.css]
[dermatologia.votonbr.com/wp-content/cache/min/1/wp-content/plugins/elementor/assets/lib/swiper/v8/css/swiper.min9a68.css]
[dermatologia.votonbr.com/wp-content/plugins/elementor-pro/assets/css/frontend-lite.min5d63.css]
[dermatologia.votonbr.com/wp-content/uploads/elementor/css/global96e4.css]
[dermatologia.votonbr.com/wp-content/uploads/elementor/css/post-126f78.css]
[dermatologia.votonbr.com/wp-content/uploads/elementor/css/post-281312eb.css]
[dermatologia.votonbr.com/wp-content/uploads/elementor/css/post-2697facb.css]
[dermatologia.votonbr.com/wp-content/uploads/elementor/css/post-2600facb.css]
[dermatologia.votonbr.com/wp-content/cache/min/1/wp-content/plugins/elementskit-lite/modules/elementskit-icon-pack/assets/css/ekiticons4b3d.css]
[dermatologia.votonbr.com/wp-content/cache/min/1/wp-content/plugins/elementskit/modules/parallax/assets/css/style4b3d.css]
[dermatologia.votonbr.com/wp-content/cache/min/1/wp-content/plugins/elementskit-lite/widgets/init/assets/css/widget-styles3753.css]
[dermatologia.votonbr.com/wp-content/cache/min/1/wp-content/plugins/elementskit/widgets/init/assets/css/widget-styles-pro63cd.css]
[dermatologia.votonbr.com/wp-content/cache/min/1/wp-content/plugins/elementskit-lite/widgets/init/assets/css/responsive63cd.css]
[dermatologia.votonbr.com/wp-includes/js/jquery/jquery.minf43b.js]
[dermatologia.votonbr.com/wp-includes/js/jquery/jquery-migrate.min5589.js]
[dermatologia.votonbr.com/wp-content/cache/min/1/wp-content/plugins/elementskit/modules/parallax/assets/js/jarallax4099.js]
[dermatologia.votonbr.com/wp-json/index.html]
[dermatologia.votonbr.com/wp-json/wp/v2/pages/12.json]
[dermatologia.votonbr.com/xmlrpc0db0.php]
[dermatologia.votonbr.com/wp-json/oembed/1.0/embed860c.json]
[dermatologia.votonbr.com/wp-json/oembed/1.0/embede13d]
[dermatologia.votonbr.com/wp-content/uploads/2023/05/favcon-linnea-150x150.png]
[dermatologia.votonbr.com/wp-content/plugins/elementskit/modules/parallax/index.html]
[dermatologia.votonbr.com/wp-content/uploads/2023/05/favcon-linnea-300x300.png]
[dermatologia.votonbr.com/wp-content/plugins/elementor/assets/css/widget-icon-list.min.css]
[dermatologia.votonbr.com/wp-content/uploads/2023/05/Logo-linnea2-braanco.svg]
[dermatologia.votonbr.com/wp-content/uploads/2023/12/Logo-linnea2.svg]
[dermatologia.votonbr.com/wp-content/uploads/2023/05/especialidade-dermatologia.jpg]
[dermatologia.votonbr.com/wp-content/uploads/2023/12/cosmetology-doctor-patien_624325-1650.jpg]
[dermatologia.votonbr.com/wp-content/uploads/2023/12/4.jpg]
[dermatologia.votonbr.com/wp-content/uploads/2023/12/3.jpg]
[dermatologia.votonbr.com/wp-content/plugins/elementor-pro/assets/css/widget-carousel.min.css]
[dermatologia.votonbr.com/wp-content/uploads/2023/12/2.jpg]
[dermatologia.votonbr.com/wp-content/uploads/2023/12/1.jpg]
[dermatologia.votonbr.com/wp-content/uploads/2023/05/Maria-Fernanda-Rosim-1.jpg]
[dermatologia.votonbr.com/wp-content/uploads/2023/05/Priscylla-Abrantes-1.jpg]
[dermatologia.votonbr.com/wp-content/uploads/2023/05/Tainara-Gomes-1.jpg]
[dermatologia.votonbr.com/wp-content/uploads/2023/05/favcon-linnea.png]
[dermatologia.votonbr.com/wp-content/uploads/2023/05/Voton-Partner-BLUE-RED.svg]
[dermatologia.votonbr.com/wp-content/uploads/2023/12/cosmetologist-doing-face-treatment-applying-face-mask_1303-28042-1024x683.jpg]
[dermatologia.votonbr.com/wp-content/plugins/elementor/assets/lib/animations/animations.min110d.css]
[dermatologia.votonbr.com/wp-includes/js/jquery/ui/core.minb37e.js]
[dermatologia.votonbr.com/wp-includes/js/jquery/ui/mouse.minb37e.js]
[dermatologia.votonbr.com/wp-includes/js/jquery/ui/slider.minb37e.js]
[dermatologia.votonbr.com/wp-content/uploads/theplus-addons/theplus-post-12.min6f78.js]
[dermatologia.votonbr.com/wp-includes/js/jquery/ui/draggable.minb37e.js]
[dermatologia.votonbr.com/wp-content/cache/min/1/wp-includes/js/jquery/jquery.ui.touch-punch6c0f.js]
[dermatologia.votonbr.com/wp-content/themes/hello-elementor/assets/js/hello-frontend.min8a54.js]
[dermatologia.votonbr.com/wp-content/cache/min/1/wp-content/plugins/elementskit-lite/libs/framework/assets/js/frontend-script6c0f.js]
[dermatologia.votonbr.com/wp-content/cache/min/1/wp-content/plugins/elementskit-lite/widgets/init/assets/js/widget-scripts6c0f.js]
[dermatologia.votonbr.com/wp-content/cache/min/1/wp-content/plugins/elementskit/modules/parallax/assets/js/anime4a96.js]
[dermatologia.votonbr.com/wp-content/cache/min/1/wp-content/plugins/elementskit/modules/parallax/assets/js/parallax-frontend-scripts4a96.js]
[dermatologia.votonbr.com/wp-content/plugins/elementskit/modules/particles/assets/js/particles.mindeae.js]
[dermatologia.votonbr.com/wp-content/plugins/elementor/assets/js/webpack.runtime.min110d.js]
[dermatologia.votonbr.com/wp-content/plugins/elementor/assets/js/frontend-modules.min110d.js]
[dermatologia.votonbr.com/wp-content/plugins/elementor/assets/lib/waypoints/waypoints.min05da.js]
[dermatologia.votonbr.com/wp-content/plugins/elementor/assets/js/frontend.min110d.js]
[dermatologia.votonbr.com/wp-content/cache/min/1/wp-content/plugins/elementskit/modules/particles/assets/js/ekit-particles4a96.js]
[dermatologia.votonbr.com/wp-includes/js/imagesloaded.minbb93.js]
[dermatologia.votonbr.com/wp-content/plugins/elementor-pro/assets/js/webpack-pro.runtime.min5d63.js]
[dermatologia.votonbr.com/wp-includes/js/dist/hooks.min4fdd.js]
[dermatologia.votonbr.com/wp-includes/js/dist/i18n.minc33c.js]
[dermatologia.votonbr.com/wp-content/plugins/elementor-pro/assets/js/frontend.min5d63.js]
[dermatologia.votonbr.com/wp-content/plugins/elementor-pro/assets/js/elements-handlers.min5d63.js]
[dermatologia.votonbr.com/wp-content/plugins/elementskit-lite/widgets/init/assets/js/animate-circle.min19ce.js]
[dermatologia.votonbr.com/wp-content/cache/min/1/wp-content/plugins/elementskit-lite/widgets/init/assets/js/elementorbc3c.js]
[dermatologia.votonbr.com/wp-content/cache/min/1/wp-content/plugins/elementskit/widgets/init/assets/js/elementorbc3c.js]
[dermatologia.votonbr.com/wp-content/cache/min/1/wp-content/plugins/elementskit/modules/sticky-content/assets/js/elementskit-sticky-contentbc3c.js]
[dermatologia.votonbr.com/wp-content/cache/min/1/wp-content/plugins/elementskit/modules/pro-form-reset-button/assets/js/elementskit-reset-buttonbc3c.js]
[dermatologia.votonbr.com/wp-content/cache/min/1/wp-content/plugins/elementskit/modules/parallax/assets/js/parallax-admin-scripts1e53.js]
[dermatologia.votonbr.com/index.html]
[dermatologia.votonbr.com/wp-content/plugins/elementor-pro/assets/lib/sticky/jquery.sticky.min5d63.js]
[dermatologia.votonbr.com/wp-admin/admin-ajax.html]
[dermatologia.votonbr.com/wp-admin/admin-post.html]
[dermatologia.votonbr.com/wp-content/uploads/theplus-addons/theplus-post-12.min6f78.css]
[dermatologia.votonbr.com/wp-content/cache/min/1/wp-content/plugins/theplus_elementor_addon/assets/css/extra/iconsmind.min9a68.css]
[dermatologia.votonbr.com/wp-content/themes/hello-elementor/style.min653d.css]
[dermatologia.votonbr.com/wp-content/themes/hello-elementor/theme.min653d.css]
[dermatologia.votonbr.com/wp-content/plugins/elementor/assets/css/frontend-lite.min110d.css]
[dermatologia.votonbr.com/wp-content/uploads/elementor/css/post-9609e.css]
[dermatologia.votonbr.com/wp-content/plugins/elementor/assets/css/modules/lazyload/frontend.min110d.css]
[dermatologia.votonbr.com/wp-content/cache/min/1/wp-content/plugins/elementor/assets/lib/swiper/v8/css/swiper.min9a68.css]
[dermatologia.votonbr.com/wp-content/plugins/elementor-pro/assets/css/frontend-lite.min5d63.css]
[dermatologia.votonbr.com/wp-content/uploads/elementor/css/global96e4.css]
[dermatologia.votonbr.com/wp-content/uploads/elementor/css/post-126f78.css]
[dermatologia.votonbr.com/wp-content/uploads/elementor/css/post-281312eb.css]
[dermatologia.votonbr.com/wp-content/uploads/elementor/css/post-2697facb.css]
[dermatologia.votonbr.com/wp-content/uploads/elementor/css/post-2600facb.css]
[dermatologia.votonbr.com/wp-content/cache/min/1/wp-content/plugins/elementskit-lite/modules/elementskit-icon-pack/assets/css/ekiticons4b3d.css]
[dermatologia.votonbr.com/wp-content/cache/min/1/wp-content/plugins/elementskit/modules/parallax/assets/css/style4b3d.css]
[dermatologia.votonbr.com/wp-content/cache/min/1/wp-content/plugins/elementskit-lite/widgets/init/assets/css/widget-styles3753.css]
[dermatologia.votonbr.com/wp-content/cache/min/1/wp-content/plugins/elementskit/widgets/init/assets/css/widget-styles-pro63cd.css]
[dermatologia.votonbr.com/wp-content/cache/min/1/wp-content/plugins/elementskit-lite/widgets/init/assets/css/responsive63cd.css]
[dermatologia.votonbr.com/wp-content/cache/min/1/wp-content/plugins/elementskit/modules/particles/assets/css/particles63cd.css]
[dermatologia.votonbr.com/wp-content/plugins/elementskit/modules/parallax/index.html]
[dermatologia.votonbr.com/wp-content/plugins/elementor/assets/css/widget-icon-list.min.css]
[dermatologia.votonbr.com/wp-content/uploads/2023/05/Logo-linnea2-braanco.svg]
[dermatologia.votonbr.com/wp-content/uploads/2023/12/Logo-linnea2.svg]
[dermatologia.votonbr.com/wp-content/plugins/elementor-pro/assets/css/widget-carousel.min.css]
[dermatologia.votonbr.com/wp-content/uploads/2023/05/Voton-Partner-BLUE-RED.svg]
[dermatologia.votonbr.com/wp-content/cache/min/1/wp-content/plugins/elementskit/modules/pro-form-reset-button/assets/css/elementskit-reset-button4099.css]
[dermatologia.votonbr.com/wp-content/plugins/elementor/assets/lib/animations/animations.min110d.css]
[dermatologia.votonbr.com/comments/feed/index.html]
